Page 10: Unresolved ID reference "tab-4-11-16" found.
Page 16: Unresolved ID reference "toc4_02" found.
Page 17: Unresolved ID reference "toc4_02" found.
Page 29: Unresolved ID reference "QualifiedVolume_typeOfVolume.xml" found.
Page 29: Unresolved ID reference "QualifiedArea_typeOfArea.xml" found.
Page 40: Unresolved ID reference "toc4_21" found.
Page 40: Unresolved ID reference "toc4_02" found.
SVG error: file:/E:/github/mn-samples-plateau-cg3/sources/001-cg3pre/:
The attribute "style" represents an invalid CSS declaration ("fill:#737A7A;stroke:#737A7A;stroke-width:6.250000e-02;stroke-miterlimit:10;").
Original message:
The "stroke-width" property does not support dimension values.
org.w3c.dom.DOMException: file:/E:/github/mn-samples-plateau-cg3/sources/001-cg3pre/:
The attribute "style" represents an invalid CSS declaration ("fill:#737A7A;stroke:#737A7A;stroke-width:6.250000e-02;stroke-miterlimit:10;").
Original message:
The "stroke-width" property does not support dimension values.
	at org.apache.batik.css.engine.CSSEngine.getCascadedStyleMap(CSSEngine.java:824)
	at org.apache.batik.css.engine.CSSEngine.getComputedStyle(CSSEngine.java:867)
	at org.apache.batik.bridge.CSSUtilities.getComputedStyle(CSSUtilities.java:81)
	at org.apache.batik.bridge.CSSUtilities.convertDisplay(CSSUtilities.java:563)
	at org.apache.batik.bridge.GVTBuilder.buildGraphicsNode(GVTBuilder.java:206)
	at org.apache.batik.bridge.GVTBuilder.buildComposite(GVTBuilder.java:171)
	at org.apache.batik.bridge.GVTBuilder.buildGraphicsNode(GVTBuilder.java:219)
	at org.apache.batik.bridge.GVTBuilder.buildComposite(GVTBuilder.java:171)
	at org.apache.batik.bridge.GVTBuilder.build(GVTBuilder.java:82)
	at org.apache.fop.render.pdf.PDFImageHandlerSVG.handleImage(PDFImageHandlerSVG.java:104)
	at org.apache.fop.render.intermediate.AbstractIFPainter.drawImage(AbstractIFPainter.java:260)
	at org.apache.fop.render.intermediate.AbstractIFPainter.drawImage(AbstractIFPainter.java:217)
	at org.apache.fop.render.intermediate.AbstractIFPainter.drawImageUsingImageHandler(AbstractIFPainter.java:176)
	at org.apache.fop.render.intermediate.AbstractIFPainter.drawImageUsingDocument(AbstractIFPainter.java:330)
	at org.apache.fop.render.pdf.PDFPainter.drawImage(PDFPainter.java:367)
	at org.apache.fop.render.intermediate.IFRenderer.renderForeignObject(IFRenderer.java:1379)
	at org.apache.fop.render.AbstractRenderer.renderInlineViewport(AbstractRenderer.java:1033)
	at org.apache.fop.render.AbstractPathOrientedRenderer.renderInlineViewport(AbstractPathOrientedRenderer.java:836)
	at org.apache.fop.render.intermediate.IFRenderer.renderInlineViewport(IFRenderer.java:866)
	at org.apache.fop.render.AbstractRenderer.renderInlineArea(AbstractRenderer.java:876)
	at org.apache.fop.render.intermediate.IFRenderer.renderInlineArea(IFRenderer.java:930)
	at org.apache.fop.render.AbstractRenderer.renderLineArea(AbstractRenderer.java:844)
	at org.apache.fop.render.AbstractRenderer.renderBlocks(AbstractRenderer.java:704)
	at org.apache.fop.render.AbstractRenderer.renderBlock(AbstractRenderer.java:757)
	at org.apache.fop.render.intermediate.IFRenderer.renderBlock(IFRenderer.java:1010)
	at org.apache.fop.render.AbstractRenderer.renderBlocks(AbstractRenderer.java:689)
	at org.apache.fop.render.AbstractRenderer.renderBlock(AbstractRenderer.java:757)
	at org.apache.fop.render.intermediate.IFRenderer.renderBlock(IFRenderer.java:1010)
	at org.apache.fop.render.AbstractRenderer.renderBlocks(AbstractRenderer.java:689)
	at org.apache.fop.render.AbstractPathOrientedRenderer.renderReferenceArea(AbstractPathOrientedRenderer.java:759)
	at org.apache.fop.render.AbstractRenderer.renderBlock(AbstractRenderer.java:744)
	at org.apache.fop.render.intermediate.IFRenderer.renderBlock(IFRenderer.java:1010)
	at org.apache.fop.render.AbstractRenderer.renderBlocks(AbstractRenderer.java:689)
	at org.apache.fop.render.intermediate.IFRenderer.renderBlockViewport(IFRenderer.java:846)
	at org.apache.fop.render.AbstractRenderer.renderBlock(AbstractRenderer.java:737)
	at org.apache.fop.render.intermediate.IFRenderer.renderBlock(IFRenderer.java:1010)
	at org.apache.fop.render.AbstractRenderer.renderBlocks(AbstractRenderer.java:689)
	at org.apache.fop.render.AbstractRenderer.renderFlow(AbstractRenderer.java:591)
	at org.apache.fop.render.AbstractPathOrientedRenderer.renderFlow(AbstractPathOrientedRenderer.java:789)
	at org.apache.fop.render.AbstractRenderer.renderMainReference(AbstractRenderer.java:568)
	at org.apache.fop.render.AbstractRenderer.renderBodyRegion(AbstractRenderer.java:433)
	at org.apache.fop.render.AbstractRenderer.renderRegionViewport(AbstractRenderer.java:380)
	at org.apache.fop.render.intermediate.IFRenderer.renderRegionViewport(IFRenderer.java:741)
	at org.apache.fop.render.AbstractRenderer.renderPageAreas(AbstractRenderer.java:345)
	at org.apache.fop.render.AbstractRenderer.renderPage(AbstractRenderer.java:318)
	at org.apache.fop.render.intermediate.IFRenderer.renderPage(IFRenderer.java:590)
	at org.apache.fop.area.RenderPagesModel.renderPage(RenderPagesModel.java:193)
	at org.apache.fop.area.RenderPagesModel.checkPreparedPages(RenderPagesModel.java:174)
	at org.apache.fop.area.RenderPagesModel.endDocument(RenderPagesModel.java:258)
	at org.apache.fop.area.AreaTreeHandler.endDocument(AreaTreeHandler.java:342)
	at org.apache.fop.fo.DelegatingFOEventHandler.endDocument(DelegatingFOEventHandler.java:95)
	at org.apache.fop.accessibility.fo.FO2StructureTreeConverter.endDocument(FO2StructureTreeConverter.java:162)
	at org.apache.fop.fo.FOTreeBuilder.endDocument(FOTreeBuilder.java:172)
	at org.apache.xalan.transformer.TransformerIdentityImpl.endDocument(TransformerIdentityImpl.java:1010)
	at java.xml/com.sun.org.apache.xerces.internal.parsers.AbstractSAXParser.endDocument(Unknown Source)
	at java.xml/com.sun.org.apache.xerces.internal.impl.XMLDocumentFragmentScannerImpl.scanDocument(Unknown Source)
	at java.xml/com.sun.org.apache.xerces.internal.parsers.XML11Configuration.parse(Unknown Source)
	at java.xml/com.sun.org.apache.xerces.internal.parsers.XML11Configuration.parse(Unknown Source)
	at java.xml/com.sun.org.apache.xerces.internal.parsers.XMLParser.parse(Unknown Source)
	at java.xml/com.sun.org.apache.xerces.internal.parsers.AbstractSAXParser.parse(Unknown Source)
	at org.apache.xalan.transformer.TransformerIdentityImpl.transform(TransformerIdentityImpl.java:519)
	at org.metanorma.fop.PDFGenerator.runFOP(PDFGenerator.java:957)
	at org.metanorma.fop.PDFGenerator.convertmn2pdf(PDFGenerator.java:753)
	at org.metanorma.fop.PDFGenerator.process(PDFGenerator.java:414)
	at org.metanorma.fop.mn2pdf.main(mn2pdf.java:383)

SVG error: file:/E:/github/mn-samples-plateau-cg3/sources/001-cg3pre/:
The attribute "style" represents an invalid CSS declaration ("fill:#737A7A;stroke:#737A7A;stroke-width:6.250000e-02;stroke-miterlimit:10;").
Original message:
The "stroke-width" property does not support dimension values.
org.w3c.dom.DOMException: file:/E:/github/mn-samples-plateau-cg3/sources/001-cg3pre/:
The attribute "style" represents an invalid CSS declaration ("fill:#737A7A;stroke:#737A7A;stroke-width:6.250000e-02;stroke-miterlimit:10;").
Original message:
The "stroke-width" property does not support dimension values.
	at org.apache.batik.css.engine.CSSEngine.getCascadedStyleMap(CSSEngine.java:824)
	at org.apache.batik.css.engine.CSSEngine.getComputedStyle(CSSEngine.java:867)
	at org.apache.batik.bridge.CSSUtilities.getComputedStyle(CSSUtilities.java:81)
	at org.apache.batik.bridge.CSSUtilities.convertDisplay(CSSUtilities.java:563)
	at org.apache.batik.bridge.GVTBuilder.buildGraphicsNode(GVTBuilder.java:206)
	at org.apache.batik.bridge.GVTBuilder.buildComposite(GVTBuilder.java:171)
	at org.apache.batik.bridge.GVTBuilder.buildGraphicsNode(GVTBuilder.java:219)
	at org.apache.batik.bridge.GVTBuilder.buildComposite(GVTBuilder.java:171)
	at org.apache.batik.bridge.GVTBuilder.build(GVTBuilder.java:82)
	at org.apache.fop.render.pdf.PDFImageHandlerSVG.handleImage(PDFImageHandlerSVG.java:104)
	at org.apache.fop.render.intermediate.AbstractIFPainter.drawImage(AbstractIFPainter.java:260)
	at org.apache.fop.render.intermediate.AbstractIFPainter.drawImage(AbstractIFPainter.java:217)
	at org.apache.fop.render.intermediate.AbstractIFPainter.drawImageUsingImageHandler(AbstractIFPainter.java:176)
	at org.apache.fop.render.intermediate.AbstractIFPainter.drawImageUsingDocument(AbstractIFPainter.java:330)
	at org.apache.fop.render.pdf.PDFPainter.drawImage(PDFPainter.java:367)
	at org.apache.fop.render.intermediate.IFRenderer.renderForeignObject(IFRenderer.java:1379)
	at org.apache.fop.render.AbstractRenderer.renderInlineViewport(AbstractRenderer.java:1033)
	at org.apache.fop.render.AbstractPathOrientedRenderer.renderInlineViewport(AbstractPathOrientedRenderer.java:836)
	at org.apache.fop.render.intermediate.IFRenderer.renderInlineViewport(IFRenderer.java:866)
	at org.apache.fop.render.AbstractRenderer.renderInlineArea(AbstractRenderer.java:876)
	at org.apache.fop.render.intermediate.IFRenderer.renderInlineArea(IFRenderer.java:930)
	at org.apache.fop.render.AbstractRenderer.renderLineArea(AbstractRenderer.java:844)
	at org.apache.fop.render.AbstractRenderer.renderBlocks(AbstractRenderer.java:704)
	at org.apache.fop.render.AbstractRenderer.renderBlock(AbstractRenderer.java:757)
	at org.apache.fop.render.intermediate.IFRenderer.renderBlock(IFRenderer.java:1010)
	at org.apache.fop.render.AbstractRenderer.renderBlocks(AbstractRenderer.java:689)
	at org.apache.fop.render.AbstractRenderer.renderBlock(AbstractRenderer.java:757)
	at org.apache.fop.render.intermediate.IFRenderer.renderBlock(IFRenderer.java:1010)
	at org.apache.fop.render.AbstractRenderer.renderBlocks(AbstractRenderer.java:689)
	at org.apache.fop.render.AbstractPathOrientedRenderer.renderReferenceArea(AbstractPathOrientedRenderer.java:759)
	at org.apache.fop.render.AbstractRenderer.renderBlock(AbstractRenderer.java:744)
	at org.apache.fop.render.intermediate.IFRenderer.renderBlock(IFRenderer.java:1010)
	at org.apache.fop.render.AbstractRenderer.renderBlocks(AbstractRenderer.java:689)
	at org.apache.fop.render.intermediate.IFRenderer.renderBlockViewport(IFRenderer.java:846)
	at org.apache.fop.render.AbstractRenderer.renderBlock(AbstractRenderer.java:737)
	at org.apache.fop.render.intermediate.IFRenderer.renderBlock(IFRenderer.java:1010)
	at org.apache.fop.render.AbstractRenderer.renderBlocks(AbstractRenderer.java:689)
	at org.apache.fop.render.AbstractRenderer.renderFlow(AbstractRenderer.java:591)
	at org.apache.fop.render.AbstractPathOrientedRenderer.renderFlow(AbstractPathOrientedRenderer.java:789)
	at org.apache.fop.render.AbstractRenderer.renderMainReference(AbstractRenderer.java:568)
	at org.apache.fop.render.AbstractRenderer.renderBodyRegion(AbstractRenderer.java:433)
	at org.apache.fop.render.AbstractRenderer.renderRegionViewport(AbstractRenderer.java:380)
	at org.apache.fop.render.intermediate.IFRenderer.renderRegionViewport(IFRenderer.java:741)
	at org.apache.fop.render.AbstractRenderer.renderPageAreas(AbstractRenderer.java:345)
	at org.apache.fop.render.AbstractRenderer.renderPage(AbstractRenderer.java:318)
	at org.apache.fop.render.intermediate.IFRenderer.renderPage(IFRenderer.java:590)
	at org.apache.fop.area.RenderPagesModel.renderPage(RenderPagesModel.java:193)
	at org.apache.fop.area.RenderPagesModel.checkPreparedPages(RenderPagesModel.java:174)
	at org.apache.fop.area.RenderPagesModel.endDocument(RenderPagesModel.java:258)
	at org.apache.fop.area.AreaTreeHandler.endDocument(AreaTreeHandler.java:342)
	at org.apache.fop.fo.DelegatingFOEventHandler.endDocument(DelegatingFOEventHandler.java:95)
	at org.apache.fop.accessibility.fo.FO2StructureTreeConverter.endDocument(FO2StructureTreeConverter.java:162)
	at org.apache.fop.fo.FOTreeBuilder.endDocument(FOTreeBuilder.java:172)
	at org.apache.xalan.transformer.TransformerIdentityImpl.endDocument(TransformerIdentityImpl.java:1010)
	at java.xml/com.sun.org.apache.xerces.internal.parsers.AbstractSAXParser.endDocument(Unknown Source)
	at java.xml/com.sun.org.apache.xerces.internal.impl.XMLDocumentFragmentScannerImpl.scanDocument(Unknown Source)
	at java.xml/com.sun.org.apache.xerces.internal.parsers.XML11Configuration.parse(Unknown Source)
	at java.xml/com.sun.org.apache.xerces.internal.parsers.XML11Configuration.parse(Unknown Source)
	at java.xml/com.sun.org.apache.xerces.internal.parsers.XMLParser.parse(Unknown Source)
	at java.xml/com.sun.org.apache.xerces.internal.parsers.AbstractSAXParser.parse(Unknown Source)
	at org.apache.xalan.transformer.TransformerIdentityImpl.transform(TransformerIdentityImpl.java:519)
	at org.metanorma.fop.PDFGenerator.runFOP(PDFGenerator.java:957)
	at org.metanorma.fop.PDFGenerator.convertmn2pdf(PDFGenerator.java:753)
	at org.metanorma.fop.PDFGenerator.process(PDFGenerator.java:414)
	at org.metanorma.fop.mn2pdf.main(mn2pdf.java:383)

WARNING: Font 'ArialMT,normal,400' (font family 'ArialMT', style 'normal', weight 'normal/400') doesn't exist. Replaced by 'NotoSans-Regular' (C:\Users\admin\.metanorma\fonts\NotoSans-Regular.ttf).
WARNING: Font 'ArialMT,normal,700' (font family 'ArialMT', style 'normal', weight 'bold/700') doesn't exist. Replaced by 'NotoSans-Bold' (C:\Users\admin\.metanorma\fonts\NotoSans-Bold.ttf).
WARNING: Font 'ArialMT,italic,400' (font family 'ArialMT', style 'italic', weight 'normal/400') doesn't exist. Replaced by 'NotoSans-Italic' (C:\Users\admin\.metanorma\fonts\NotoSans-Italic.ttf).
WARNING: Font 'ArialMT,italic,700' (font family 'ArialMT', style 'italic', weight 'bold/700') doesn't exist. Replaced by 'NotoSans-BoldItalic' (C:\Users\admin\.metanorma\fonts\NotoSans-BoldItalic.ttf).
WARNING: Font 'KozGoPr6N-Regular-83pv-RKSJ-H,normal,400' (font family 'KozGoPr6N-Regular-83pv-RKSJ-H', style 'normal', weight 'normal/400') doesn't exist. Replaced by 'NotoSans-Regular' (C:\Users\admin\.metanorma\fonts\NotoSans-Regular.ttf).
WARNING: Font 'KozGoPr6N-Regular-83pv-RKSJ-H,normal,700' (font family 'KozGoPr6N-Regular-83pv-RKSJ-H', style 'normal', weight 'bold/700') doesn't exist. Replaced by 'NotoSans-Bold' (C:\Users\admin\.metanorma\fonts\NotoSans-Bold.ttf).
WARNING: Font 'KozGoPr6N-Regular-83pv-RKSJ-H,italic,400' (font family 'KozGoPr6N-Regular-83pv-RKSJ-H', style 'italic', weight 'normal/400') doesn't exist. Replaced by 'NotoSans-Italic' (C:\Users\admin\.metanorma\fonts\NotoSans-Italic.ttf).
WARNING: Font 'KozGoPr6N-Regular-83pv-RKSJ-H,italic,700' (font family 'KozGoPr6N-Regular-83pv-RKSJ-H', style 'italic', weight 'bold/700') doesn't exist. Replaced by 'NotoSans-BoldItalic' (C:\Users\admin\.metanorma\fonts\NotoSans-BoldItalic.ttf).

